// Jest Snapshot v1, https://goo.gl/fbAQLP

exports[`CheckBoxRow Component CheckBoxRow renders correctly 1`] = `
<View
  style={
    Object {
      "alignItems": "center",
      "flex": 1,
      "flexDirection": "row",
      "margin": 10,
    }
  }
>
  <View
    accessible={false}
    collapsable={false}
    focusable={false}
    nativeID="animatedComponent"
    onClick={[Function]}
    onResponderGrant={[Function]}
    onResponderMove={[Function]}
    onResponderRelease={[Function]}
    onResponderTerminate={[Function]}
    onResponderTerminationRequest={[Function]}
    onStartShouldSetResponder={[Function]}
    style={
      Object {
        "alignItems": "center",
        "flex": 1,
        "flexDirection": "row",
        "margin": 10,
        "opacity": 1,
      }
    }
  >
    <Icon
      color="#1E9BF2"
      name="check-box-outline-blank"
      size={36}
    />
    <Text
      style={
        Array [
          Object {
            "color": "#1E9BF2",
            "flexShrink": 1,
            "fontSize": 18,
            "fontWeight": "normal",
            "marginLeft": 10,
          },
        ]
      }
    >
      CheckBoxRow
    </Text>
  </View>
</View>
`;
