// Jest Snapshot v1, https://goo.gl/fbAQLP

exports[`InfoTextBox Component Renders correctly 1`] = `
<View
  style={
    Object {
      "backgroundColor": "#CCE8F4",
      "borderColor": "#4F7C9E",
      "borderRadius": 5,
      "borderWidth": 1,
      "flexDirection": "row",
      "padding": 10,
    }
  }
>
  <View
    style={
      Object {
        "alignSelf": "center",
        "marginRight": 10,
      }
    }
  >
    <Icon
      color="#4F7C9E"
      name="info"
      size={30}
    />
  </View>
  <Text
    style={
      Object {
        "alignSelf": "center",
        "color": "#4F7C9E",
        "flexShrink": 1,
        "fontSize": 18,
        "fontWeight": "bold",
      }
    }
  >
    Hello World
  </Text>
</View>
`;
