// Jest Snapshot v1, https://goo.gl/fbAQLP

exports[`Loader Component Loader renders correctly 1`] = `
<Modal
  animationType="none"
  hardwareAccelerated={false}
  transparent={true}
  visible={true}
>
  <View
    style={
      Object {
        "alignItems": "center",
        "backgroundColor": "rgba(52, 52, 52, 0.8)",
        "flex": 1,
        "justifyContent": "space-around",
      }
    }
  >
    <ActivityIndicator
      color="#1E9BF2"
      size="small"
    />
  </View>
</Modal>
`;
