// Jest Snapshot v1, https://goo.gl/fbAQLP

exports[`TextInput Component TextInput renders correctly 1`] = `
<View
  style={
    Object {
      "marginVertical": 10,
    }
  }
>
  <Text
    style={
      Object {
        "color": "#03028A",
        "fontSize": 14,
        "fontWeight": "bold",
        "marginBottom": 3,
      }
    }
  >
    TextInput Component
  </Text>
  <TextInput
    onBlur={[Function]}
    onFocus={[Function]}
    selectionColor="#03028A"
    style={
      Array [
        Object {
          "backgroundColor": "#FFFFFF",
          "borderColor": undefined,
          "borderRadius": 4,
          "borderWidth": 2,
          "color": "#03028A",
          "fontSize": 16,
          "padding": 10,
        },
        false,
      ]
    }
  />
</View>
`;
