// Jest Snapshot v1, https://goo.gl/fbAQLP

exports[`Home Screen Renders correctly 1`] = `
<View
  style={
    Array [
      Object {
        "backgroundColor": "#FFFFFF",
        "margin": 20,
      },
    ]
  }
>
  <Text
    style={
      Array [
        Object {
          "color": "#1E9BF2",
          "flexShrink": 1,
          "fontSize": 18,
          "fontWeight": "normal",
        },
        Object {
          "fontWeight": "bold",
        },
      ]
    }
  >
    Home
  </Text>
</View>
`;
