// Jest Snapshot v1, https://goo.gl/fbAQLP

exports[`Home Screen Renders correctly 1`] = `
<View
  style={
    Array [
      Object {
        "backgroundColor": "#FFF",
        "margin": 20,
      },
    ]
  }
>
  <Text
    style={
      Array [
        Object {
          "color": "#03028A",
          "flexShrink": 1,
          "fontSize": 18,
          "fontWeight": "normal",
        },
        Object {
          "fontWeight": "bold",
        },
      ]
    }
  >
    Your wallet is created successfully.
  </Text>
  <View
    style={
      Object {
        "height": 40,
      }
    }
  />
  <View
    accessibilityState={
      Object {
        "disabled": false,
      }
    }
    accessible={true}
    focusable={true}
    onClick={[Function]}
    onResponderGrant={[Function]}
    onResponderMove={[Function]}
    onResponderRelease={[Function]}
    onResponderTerminate={[Function]}
    onResponderTerminationRequest={[Function]}
    onStartShouldSetResponder={[Function]}
    style={
      Array [
        Object {
          "alignItems": "center",
          "borderRadius": 5,
          "borderWidth": 1,
          "justifyContent": "center",
        },
        Object {
          "height": 47,
          "paddingLeft": 15,
          "paddingRight": 15,
        },
        Object {
          "backgroundColor": "#108ee9",
          "borderColor": "#108ee9",
        },
        false,
        false,
        undefined,
        undefined,
      ]
    }
  >
    <View
      style={
        Object {
          "flexDirection": "row",
        }
      }
    >
      <Text
        style={
          Array [
            Object {
              "fontSize": 18,
            },
            Object {
              "color": "#ffffff",
            },
            false,
            false,
          ]
        }
      >
        Global.Continue
      </Text>
    </View>
  </View>
</View>
`;
